<html>
<body>
<pre>
<h1>µVision Build Log</h1>
<h2>Tool Versions:</h2>
IDE-Version: µVision V5.27.1.0
Copyright (C) 2019 ARM Ltd and ARM Germany GmbH. All rights reserved.
License Information: huy huytran3042003@gmail.com, huy, LIC=----
 
Tool Versions:
Toolchain:       MDK-Lite  Version: 5.31.0.0
Toolchain Path:  C:\Keil_v5\ARM\ARMCLANG\Bin
C Compiler:      ArmClang.exe V6.14
Assembler:       Armasm.exe V6.14
Linker/Locator:  ArmLink.exe V6.14
Library Manager: ArmAr.exe V6.14
Hex Converter:   FromElf.exe V6.14
CPU DLL:         SARMCM3.DLL V5.31.0.0
Dialog DLL:      DCM.DLL V1.17.3.0
Target DLL:      STLink\ST-LINKIII-KEIL_SWO.dll V3.0.7.0
Dialog DLL:      TCM.DLL V1.46.0.0
 
<h2>Project:</h2>
C:\Users\huytr\Downloads\taygapkhinen\MDK-ARM\taygapkhinen.uvprojx
Project File Date:  04/24/2024

<h2>Output:</h2>
*** Using Compiler 'V6.14', folder: 'C:\Keil_v5\ARM\ARMCLANG\Bin'
Rebuild target 'taygapkhinen'
assembling startup_stm32f205xx.s...
compiling stm32f2xx_it.c...
compiling stm32f2xx_hal.c...
compiling stm32f2xx_hal_tim_ex.c...
compiling stm32f2xx_hal_tim.c...
compiling stm32f2xx_hal_msp.c...
compiling main.c...
compiling stm32f2xx_hal_rcc_ex.c...
compiling stm32f2xx_hal_cortex.c...
compiling stm32f2xx_hal_rcc.c...
compiling stm32f2xx_hal_flash.c...
compiling stm32f2xx_hal_flash_ex.c...
compiling stm32f2xx_hal_pwr_ex.c...
compiling stm32f2xx_hal_pwr.c...
compiling stm32f2xx_hal_gpio.c...
compiling stm32f2xx_hal_exti.c...
compiling system_stm32f2xx.c...
compiling stm32f2xx_hal_dma_ex.c...
compiling stm32f2xx_hal_uart.c...
compiling stm32f2xx_hal_dma.c...
linking...
Program Size: Code=5172 RO-data=444 RW-data=12 ZI-data=1716  
FromELF: creating hex file...
"taygapkhinen\taygapkhinen.axf" - 0 Error(s), 0 Warning(s).

<h2>Software Packages used:</h2>

Package Vendor: ARM
                https://www.keil.com/pack/ARM.CMSIS.6.0.0.pack
                ARM.CMSIS.6.0.0
                CMSIS (Common Microcontroller Software Interface Standard)
   * Component: CORE Version: 6.0.0

Package Vendor: Keil
                https://www.keil.com/pack/Keil.STM32F2xx_DFP.2.11.0.pack
                Keil.STM32F2xx_DFP.2.11.0
                STMicroelectronics STM32F2 Series Device Support, Drivers and Examples

<h2>Collection of Component include folders:</h2>
  .\RTE\_taygapkhinen
  C:\Users\huytr\AppData\Local\Arm\Packs\ARM\CMSIS\6.0.0\CMSIS\Core\Include
  C:\Users\huytr\AppData\Local\Arm\Packs\Keil\STM32F2xx_DFP\2.11.0\Drivers\CMSIS\Device\ST\STM32F2xx\Include

<h2>Collection of Component Files used:</h2>

   * Component: ARM::CMSIS:CORE:6.0.0
      Include file:  CMSIS\Core\Include\tz_context.h
Build Time Elapsed:  00:00:02
</pre>
</body>
</html>
